---
source: crates/index-scheduler/src/scheduler/test.rs
snapshot_kind: text
---
### Autobatching Enabled = true
### Processing batch Some(0):
[0,]
{uid: 0, details: {"primaryKey":"id"}, stats: {"totalNbTasks":1,"status":{"processing":1},"types":{"indexCreation":1},"indexUids":{"index_a":1}}, }
----------------------------------------------------------------------
### All Tasks:
0 {uid: 0, status: enqueued, details: { primary_key: Some("id") }, kind: IndexCreation { index_uid: "index_a", primary_key: Some("id") }}
1 {uid: 1, status: enqueued, details: { primary_key: Some("id") }, kind: IndexCreation { index_uid: "index_b", primary_key: Some("id") }}
2 {uid: 2, status: enqueued, details: { deleted_documents: None }, kind: IndexDeletion { index_uid: "index_a" }}
----------------------------------------------------------------------
### Status:
enqueued [0,1,2,]
----------------------------------------------------------------------
### Kind:
"indexCreation" [0,1,]
"indexDeletion" [2,]
----------------------------------------------------------------------
### Index Tasks:
index_a [0,2,]
index_b [1,]
----------------------------------------------------------------------
### Index Mapper:

----------------------------------------------------------------------
### Canceled By:

----------------------------------------------------------------------
### Enqueued At:
[timestamp] [0,]
[timestamp] [1,]
[timestamp] [2,]
----------------------------------------------------------------------
### Started At:
----------------------------------------------------------------------
### Finished At:
----------------------------------------------------------------------
### All Batches:
----------------------------------------------------------------------
### Batch to tasks mapping:
----------------------------------------------------------------------
### Batches Status:
----------------------------------------------------------------------
### Batches Kind:
----------------------------------------------------------------------
### Batches Index Tasks:
----------------------------------------------------------------------
### Batches Enqueued At:
----------------------------------------------------------------------
### Batches Started At:
----------------------------------------------------------------------
### Batches Finished At:
----------------------------------------------------------------------
### File Store:

----------------------------------------------------------------------
