---
source: crates/meilisearch/tests/settings/vectors.rs
---
{
  "message": "`.embedders.test`: Field `headers` unavailable for source `huggingFace`.\n  - note: `headers` is available for sources: `rest`\n  - note: available fields for source `huggingFace`: `source`, `model`, `revision`, `pooling`, `documentTemplate`, `documentTemplateMaxBytes`, `distribution`, `binaryQuantized`",
  "code": "invalid_settings_embedders",
  "type": "invalid_request",
  "link": "https://www.meilisearch.com/docs/reference/errors/error_codes#invalid-settings-embedders"
}
