---
source: crates/meilisearch/tests/settings/vectors.rs
---
{
  "message": "`.embedders.test`: Field `response` unavailable for source `openAi`.\n  - note: `response` is available for sources: `rest`\n  - note: available fields for source `openAi`: `source`, `model`, `apiKey`, `dimensions`, `documentTemplate`, `documentTemplateMaxBytes`, `url`, `distribution`, `binaryQuantized`",
  "code": "invalid_settings_embedders",
  "type": "invalid_request",
  "link": "https://www.meilisearch.com/docs/reference/errors/error_codes#invalid-settings-embedders"
}
