---
source: crates/meilisearch/tests/upgrade/v1_12/v1_12_0.rs
---
{
  "hits": [
    {
      "id": 1,
      "name": "kefir",
      "surname": [
        "kef",
        "kefkef",
        "kefirounet",
        "boubou"
      ],
      "age": 1.4,
      "description": "kefir est un petit chien blanc tr√®s mignon"
    }
  ],
  "query": "",
  "processingTimeMs": "[duration]",
  "limit": 20,
  "offset": 0,
  "estimatedTotalHits": 1,
  "requestUid": "[uuid]"
}
