---
source: crates/index-scheduler/src/scheduler/test.rs
snapshot_kind: text
---
### Autobatching Enabled = true
### Processing batch None:
[]
----------------------------------------------------------------------
### All Tasks:
0 {uid: 0, status: enqueued, details: { primary_key: None }, kind: IndexCreation { index_uid: "doggos", primary_key: None }}
1 {uid: 1, status: enqueued, details: { received_documents: 1, indexed_documents: None }, kind: DocumentAdditionOrUpdate { index_uid: "doggos", primary_key: Some("id"), method: ReplaceDocuments, content_file: 00000000-0000-0000-0000-000000000000, documents_count: 1, allow_index_creation: true }}
2 {uid: 2, status: enqueued, details: { deleted_documents: None }, kind: IndexDeletion { index_uid: "doggos" }}
----------------------------------------------------------------------
### Status:
enqueued [0,1,2,]
----------------------------------------------------------------------
### Kind:
"documentAdditionOrUpdate" [1,]
"indexCreation" [0,]
"indexDeletion" [2,]
----------------------------------------------------------------------
### Index Tasks:
doggos [0,1,2,]
----------------------------------------------------------------------
### Index Mapper:

----------------------------------------------------------------------
### Canceled By:

----------------------------------------------------------------------
### Enqueued At:
[timestamp] [0,]
[timestamp] [1,]
[timestamp] [2,]
----------------------------------------------------------------------
### Started At:
----------------------------------------------------------------------
### Finished At:
----------------------------------------------------------------------
### All Batches:
----------------------------------------------------------------------
### Batch to tasks mapping:
----------------------------------------------------------------------
### Batches Status:
----------------------------------------------------------------------
### Batches Kind:
----------------------------------------------------------------------
### Batches Index Tasks:
----------------------------------------------------------------------
### Batches Enqueued At:
----------------------------------------------------------------------
### Batches Started At:
----------------------------------------------------------------------
### Batches Finished At:
----------------------------------------------------------------------
### File Store:
00000000-0000-0000-0000-000000000000

----------------------------------------------------------------------
