---
source: crates/index-scheduler/src/scheduler/test_document_addition.rs
snapshot_kind: text
---
### Autobatching Enabled = true
### Processing batch None:
[]
----------------------------------------------------------------------
### All Tasks:
0 {uid: 0, batch_uid: 0, status: succeeded, details: { received_documents: 1, indexed_documents: Some(1) }, kind: DocumentAdditionOrUpdate { index_uid: "doggos", primary_key: Some("id"), method: ReplaceDocuments, content_file: 00000000-0000-0000-0000-000000000000, documents_count: 1, allow_index_creation: true }}
1 {uid: 1, batch_uid: 0, status: succeeded, details: { received_documents: 1, indexed_documents: Some(1) }, kind: DocumentAdditionOrUpdate { index_uid: "doggos", primary_key: Some("id"), method: ReplaceDocuments, content_file: 00000000-0000-0000-0000-000000000001, documents_count: 1, allow_index_creation: true }}
2 {uid: 2, batch_uid: 0, status: succeeded, details: { received_documents: 1, indexed_documents: Some(1) }, kind: DocumentAdditionOrUpdate { index_uid: "doggos", primary_key: Some("id"), method: ReplaceDocuments, content_file: 00000000-0000-0000-0000-000000000002, documents_count: 1, allow_index_creation: true }}
3 {uid: 3, batch_uid: 0, status: succeeded, details: { received_documents: 1, indexed_documents: Some(1) }, kind: DocumentAdditionOrUpdate { index_uid: "doggos", primary_key: Some("id"), method: ReplaceDocuments, content_file: 00000000-0000-0000-0000-000000000003, documents_count: 1, allow_index_creation: true }}
4 {uid: 4, batch_uid: 0, status: succeeded, details: { received_documents: 1, indexed_documents: Some(1) }, kind: DocumentAdditionOrUpdate { index_uid: "doggos", primary_key: Some("id"), method: ReplaceDocuments, content_file: 00000000-0000-0000-0000-000000000004, documents_count: 1, allow_index_creation: true }}
5 {uid: 5, batch_uid: 0, status: succeeded, details: { received_documents: 1, indexed_documents: Some(1) }, kind: DocumentAdditionOrUpdate { index_uid: "doggos", primary_key: Some("id"), method: ReplaceDocuments, content_file: 00000000-0000-0000-0000-000000000005, documents_count: 1, allow_index_creation: true }}
6 {uid: 6, batch_uid: 0, status: succeeded, details: { received_documents: 1, indexed_documents: Some(1) }, kind: DocumentAdditionOrUpdate { index_uid: "doggos", primary_key: Some("id"), method: ReplaceDocuments, content_file: 00000000-0000-0000-0000-000000000006, documents_count: 1, allow_index_creation: true }}
7 {uid: 7, batch_uid: 0, status: succeeded, details: { received_documents: 1, indexed_documents: Some(1) }, kind: DocumentAdditionOrUpdate { index_uid: "doggos", primary_key: Some("id"), method: ReplaceDocuments, content_file: 00000000-0000-0000-0000-000000000007, documents_count: 1, allow_index_creation: true }}
8 {uid: 8, batch_uid: 0, status: succeeded, details: { received_documents: 1, indexed_documents: Some(1) }, kind: DocumentAdditionOrUpdate { index_uid: "doggos", primary_key: Some("id"), method: ReplaceDocuments, content_file: 00000000-0000-0000-0000-000000000008, documents_count: 1, allow_index_creation: true }}
9 {uid: 9, batch_uid: 0, status: succeeded, details: { received_documents: 1, indexed_documents: Some(1) }, kind: DocumentAdditionOrUpdate { index_uid: "doggos", primary_key: Some("id"), method: ReplaceDocuments, content_file: 00000000-0000-0000-0000-000000000009, documents_count: 1, allow_index_creation: true }}
----------------------------------------------------------------------
### Status:
enqueued []
succeeded [0,1,2,3,4,5,6,7,8,9,]
----------------------------------------------------------------------
### Kind:
"documentAdditionOrUpdate" [0,1,2,3,4,5,6,7,8,9,]
----------------------------------------------------------------------
### Index Tasks:
doggos [0,1,2,3,4,5,6,7,8,9,]
----------------------------------------------------------------------
### Index Mapper:
doggos: { number_of_documents: 10, field_distribution: {"doggo": 10, "id": 10} }

----------------------------------------------------------------------
### Canceled By:

----------------------------------------------------------------------
### Enqueued At:
[timestamp] [0,]
[timestamp] [1,]
[timestamp] [2,]
[timestamp] [3,]
[timestamp] [4,]
[timestamp] [5,]
[timestamp] [6,]
[timestamp] [7,]
[timestamp] [8,]
[timestamp] [9,]
----------------------------------------------------------------------
### Started At:
[timestamp] [0,1,2,3,4,5,6,7,8,9,]
----------------------------------------------------------------------
### Finished At:
[timestamp] [0,1,2,3,4,5,6,7,8,9,]
----------------------------------------------------------------------
### All Batches:
0 {uid: 0, details: {"receivedDocuments":10,"indexedDocuments":10}, stats: {"totalNbTasks":10,"status":{"succeeded":10},"types":{"documentAdditionOrUpdate":10},"indexUids":{"doggos":10}}, }
----------------------------------------------------------------------
### Batch to tasks mapping:
0 [0,1,2,3,4,5,6,7,8,9,]
----------------------------------------------------------------------
### Batches Status:
succeeded [0,]
----------------------------------------------------------------------
### Batches Kind:
"documentAdditionOrUpdate" [0,]
----------------------------------------------------------------------
### Batches Index Tasks:
doggos [0,]
----------------------------------------------------------------------
### Batches Enqueued At:
[timestamp] [0,]
[timestamp] [0,]
----------------------------------------------------------------------
### Batches Started At:
[timestamp] [0,]
----------------------------------------------------------------------
### Batches Finished At:
[timestamp] [0,]
----------------------------------------------------------------------
### File Store:

----------------------------------------------------------------------
