---
source: crates/index-scheduler/src/scheduler/test_failure.rs
---
### Autobatching Enabled = true
### Processing batch None:
[]
----------------------------------------------------------------------
### All Tasks:
1 {uid: 1, batch_uid: 1, status: succeeded, details: { primary_key: Some("mouse") }, kind: IndexCreation { index_uid: "catto", primary_key: Some("mouse") }}
2 {uid: 2, batch_uid: 2, status: succeeded, details: { primary_key: Some("bone") }, kind: IndexCreation { index_uid: "doggo", primary_key: Some("bone") }}
3 {uid: 3, batch_uid: 3, status: failed, error: ResponseError { code: 200, message: "Index `doggo` already exists.", error_code: "index_already_exists", error_type: "invalid_request", error_link: "https://www.meilisearch.com/docs/reference/errors/error_codes#index-already-exists" }, details: { primary_key: Some("bone") }, kind: IndexCreation { index_uid: "doggo", primary_key: Some("bone") }}
4 {uid: 4, batch_uid: 4, status: succeeded, details: { primary_key: Some("leaves") }, kind: IndexCreation { index_uid: "girafo", primary_key: Some("leaves") }}
5 {uid: 5, batch_uid: 5, status: succeeded, details: { matched_tasks: 1, deleted_tasks: Some(1), original_filter: "types=upgradeDatabase" }, kind: TaskDeletion { query: "types=upgradeDatabase", tasks: RoaringBitmap<[0]> }}
----------------------------------------------------------------------
### Status:
enqueued []
succeeded [1,2,4,5,]
failed [3,]
----------------------------------------------------------------------
### Kind:
"indexCreation" [1,2,3,4,]
"taskDeletion" [5,]
"upgradeDatabase" []
----------------------------------------------------------------------
### Index Tasks:
catto [1,]
doggo [2,3,]
girafo [4,]
----------------------------------------------------------------------
### Index Mapper:
catto: { number_of_documents: 0, field_distribution: {} }
doggo: { number_of_documents: 0, field_distribution: {} }
girafo: { number_of_documents: 0, field_distribution: {} }

----------------------------------------------------------------------
### Canceled By:

----------------------------------------------------------------------
### Enqueued At:
[timestamp] [1,]
[timestamp] [2,]
[timestamp] [3,]
[timestamp] [4,]
[timestamp] [5,]
----------------------------------------------------------------------
### Started At:
[timestamp] [1,]
[timestamp] [2,]
[timestamp] [3,]
[timestamp] [4,]
[timestamp] [5,]
----------------------------------------------------------------------
### Finished At:
[timestamp] [1,]
[timestamp] [2,]
[timestamp] [3,]
[timestamp] [4,]
[timestamp] [5,]
----------------------------------------------------------------------
### All Batches:
1 {uid: 1, details: {"primaryKey":"mouse"}, stats: {"totalNbTasks":1,"status":{"succeeded":1},"types":{"indexCreation":1},"indexUids":{"catto":1}}, stop reason: "created batch containing only task with id 1 of type `indexCreation` that cannot be batched with any other task.", }
2 {uid: 2, details: {"primaryKey":"bone"}, stats: {"totalNbTasks":1,"status":{"succeeded":1},"types":{"indexCreation":1},"indexUids":{"doggo":1}}, stop reason: "created batch containing only task with id 2 of type `indexCreation` that cannot be batched with any other task.", }
3 {uid: 3, details: {"primaryKey":"bone"}, stats: {"totalNbTasks":1,"status":{"failed":1},"types":{"indexCreation":1},"indexUids":{"doggo":1}}, stop reason: "created batch containing only task with id 3 of type `indexCreation` that cannot be batched with any other task.", }
4 {uid: 4, details: {"primaryKey":"leaves"}, stats: {"totalNbTasks":1,"status":{"succeeded":1},"types":{"indexCreation":1},"indexUids":{"girafo":1}}, stop reason: "created batch containing only task with id 4 of type `indexCreation` that cannot be batched with any other task.", }
5 {uid: 5, details: {"matchedTasks":1,"deletedTasks":1,"originalFilter":"types=upgradeDatabase"}, stats: {"totalNbTasks":1,"status":{"succeeded":1},"types":{"taskDeletion":1},"indexUids":{}}, stop reason: "stopped after the last task of type `taskDeletion` because they cannot be batched with tasks of any other type.", }
----------------------------------------------------------------------
### Batch to tasks mapping:
1 [1,]
2 [2,]
3 [3,]
4 [4,]
5 [5,]
----------------------------------------------------------------------
### Batches Status:
succeeded [1,2,4,5,]
failed [3,]
----------------------------------------------------------------------
### Batches Kind:
"indexCreation" [1,2,3,4,]
"taskDeletion" [5,]
"upgradeDatabase" []
----------------------------------------------------------------------
### Batches Index Tasks:
catto [1,]
doggo [2,3,]
girafo [4,]
----------------------------------------------------------------------
### Batches Enqueued At:
[timestamp] [1,]
[timestamp] [2,]
[timestamp] [3,]
[timestamp] [4,]
[timestamp] [5,]
----------------------------------------------------------------------
### Batches Started At:
[timestamp] [1,]
[timestamp] [2,]
[timestamp] [3,]
[timestamp] [4,]
[timestamp] [5,]
----------------------------------------------------------------------
### Batches Finished At:
[timestamp] [1,]
[timestamp] [2,]
[timestamp] [3,]
[timestamp] [4,]
[timestamp] [5,]
----------------------------------------------------------------------
### File Store:

----------------------------------------------------------------------
