---
source: crates/milli/src/update/index_documents/mod.rs
---
3   0  48.9021 1  [19, ]
3   0  49.9314 1  [17, ]
3   0  50.1793 1  [15, ]
3   0  50.2844 1  [14, ]
3   0  50.3518 1  [13, ]
3   0  50.4502 1  [12, ]
3   0  50.6053 1  [8, ]
3   0  50.6224 1  [3, ]
3   0  50.6299 1  [0, ]
3   0  50.6312 1  [2, ]
3   0  50.6415 1  [1, ]
3   0  50.7453 1  [7, ]
3   0  50.8466 1  [10, ]
3   0  51.0537 1  [9, ]
3   1  48.9021 2  [17, 19, ]
3   1  50.1793 3  [13, 14, 15, ]
3   1  50.4502 4  [0, 3, 8, 12, ]
3   1  50.6312 2  [1, 2, ]
3   1  50.7453 3  [7, 9, 10, ]
4   0  2.271  1  [17, ]
4   0  2.3708 1  [19, ]
4   0  2.7637 1  [14, ]
4   0  3.0569 1  [0, ]
4   0  3.1106 1  [1, 2, ]
4   0  3.1476 1  [3, ]
4   0  3.2189 1  [15, ]
4   0  3.2206 1  [7, ]
4   0  3.3758 1  [8, ]
4   0  3.5326 1  [13, ]
4   0  3.6957 1  [9, ]
4   0  3.9623 1  [12, ]
4   0  4.337  1  [10, ]
