---
source: crates/index-scheduler/src/scheduler/test_document_addition.rs
snapshot_kind: text
---
### Autobatching Enabled = true
### Processing batch None:
[]
----------------------------------------------------------------------
### All Tasks:
0 {uid: 0, batch_uid: 0, status: succeeded, details: { received_documents: 1, indexed_documents: Some(1) }, kind: DocumentAdditionOrUpdate { index_uid: "doggos", primary_key: None, method: ReplaceDocuments, content_file: 00000000-0000-0000-0000-000000000000, documents_count: 1, allow_index_creation: true }}
1 {uid: 1, batch_uid: 1, status: failed, error: ResponseError { code: 200, message: "Index already has a primary key: `doggoid`.", error_code: "index_primary_key_already_exists", error_type: "invalid_request", error_link: "https://docs.meilisearch.com/errors#index_primary_key_already_exists" }, details: { received_documents: 1, indexed_documents: Some(0) }, kind: DocumentAdditionOrUpdate { index_uid: "doggos", primary_key: Some("bork"), method: ReplaceDocuments, content_file: 00000000-0000-0000-0000-000000000001, documents_count: 1, allow_index_creation: true }}
2 {uid: 2, batch_uid: 2, status: succeeded, details: { received_documents: 1, indexed_documents: Some(1) }, kind: DocumentAdditionOrUpdate { index_uid: "doggos", primary_key: Some("doggoid"), method: ReplaceDocuments, content_file: 00000000-0000-0000-0000-000000000002, documents_count: 1, allow_index_creation: true }}
3 {uid: 3, batch_uid: 3, status: succeeded, details: { received_documents: 1, indexed_documents: Some(1) }, kind: DocumentAdditionOrUpdate { index_uid: "doggos", primary_key: None, method: ReplaceDocuments, content_file: 00000000-0000-0000-0000-000000000003, documents_count: 1, allow_index_creation: true }}
4 {uid: 4, batch_uid: 3, status: succeeded, details: { received_documents: 1, indexed_documents: Some(1) }, kind: DocumentAdditionOrUpdate { index_uid: "doggos", primary_key: None, method: ReplaceDocuments, content_file: 00000000-0000-0000-0000-000000000004, documents_count: 1, allow_index_creation: true }}
5 {uid: 5, batch_uid: 3, status: succeeded, details: { received_documents: 1, indexed_documents: Some(1) }, kind: DocumentAdditionOrUpdate { index_uid: "doggos", primary_key: Some("doggoid"), method: ReplaceDocuments, content_file: 00000000-0000-0000-0000-000000000005, documents_count: 1, allow_index_creation: true }}
----------------------------------------------------------------------
### Status:
enqueued []
succeeded [0,2,3,4,5,]
failed [1,]
----------------------------------------------------------------------
### Kind:
"documentAdditionOrUpdate" [0,1,2,3,4,5,]
----------------------------------------------------------------------
### Index Tasks:
doggos [0,1,2,3,4,5,]
----------------------------------------------------------------------
### Index Mapper:
doggos: { number_of_documents: 5, field_distribution: {"doggo": 5, "doggoid": 5} }

----------------------------------------------------------------------
### Canceled By:

----------------------------------------------------------------------
### Enqueued At:
[timestamp] [0,]
[timestamp] [1,]
[timestamp] [2,]
[timestamp] [3,]
[timestamp] [4,]
[timestamp] [5,]
----------------------------------------------------------------------
### Started At:
[timestamp] [0,]
[timestamp] [1,]
[timestamp] [2,]
[timestamp] [3,4,5,]
----------------------------------------------------------------------
### Finished At:
[timestamp] [0,]
[timestamp] [1,]
[timestamp] [2,]
[timestamp] [3,4,5,]
----------------------------------------------------------------------
### All Batches:
0 {uid: 0, details: {"receivedDocuments":1,"indexedDocuments":1}, stats: {"totalNbTasks":1,"status":{"succeeded":1},"types":{"documentAdditionOrUpdate":1},"indexUids":{"doggos":1}}, }
1 {uid: 1, details: {"receivedDocuments":1,"indexedDocuments":0}, stats: {"totalNbTasks":1,"status":{"failed":1},"types":{"documentAdditionOrUpdate":1},"indexUids":{"doggos":1}}, }
2 {uid: 2, details: {"receivedDocuments":1,"indexedDocuments":1}, stats: {"totalNbTasks":1,"status":{"succeeded":1},"types":{"documentAdditionOrUpdate":1},"indexUids":{"doggos":1}}, }
3 {uid: 3, details: {"receivedDocuments":3,"indexedDocuments":3}, stats: {"totalNbTasks":3,"status":{"succeeded":3},"types":{"documentAdditionOrUpdate":3},"indexUids":{"doggos":3}}, }
----------------------------------------------------------------------
### Batch to tasks mapping:
0 [0,]
1 [1,]
2 [2,]
3 [3,4,5,]
----------------------------------------------------------------------
### Batches Status:
succeeded [0,2,3,]
failed [1,]
----------------------------------------------------------------------
### Batches Kind:
"documentAdditionOrUpdate" [0,1,2,3,]
----------------------------------------------------------------------
### Batches Index Tasks:
doggos [0,1,2,3,]
----------------------------------------------------------------------
### Batches Enqueued At:
[timestamp] [0,]
[timestamp] [1,]
[timestamp] [2,]
[timestamp] [3,]
[timestamp] [3,]
----------------------------------------------------------------------
### Batches Started At:
[timestamp] [0,]
[timestamp] [1,]
[timestamp] [2,]
[timestamp] [3,]
----------------------------------------------------------------------
### Batches Finished At:
[timestamp] [0,]
[timestamp] [1,]
[timestamp] [2,]
[timestamp] [3,]
----------------------------------------------------------------------
### File Store:

----------------------------------------------------------------------
