---
source: crates/index-scheduler/src/scheduler/test_embedders.rs
expression: doc
---
{
  "doggo": "kefir",
  "breed": "patou",
  "_vectors": {
    "noise": [
      0.1,
      0.2,
      0.3
    ]
  }
}
