---
source: crates/index-scheduler/src/scheduler/test_document_addition.rs
snapshot_kind: text
---
### Autobatching Enabled = true
### Processing batch None:
[]
----------------------------------------------------------------------
### All Tasks:
0 {uid: 0, batch_uid: 0, status: failed, error: ResponseError { code: 200, message: "The primary key inference failed as the engine did not find any field ending with `id` in its name. Please specify the primary key manually using the `primaryKey` query parameter.", error_code: "index_primary_key_no_candidate_found", error_type: "invalid_request", error_link: "https://docs.meilisearch.com/errors#index_primary_key_no_candidate_found" }, details: { received_documents: 1, indexed_documents: Some(0) }, kind: DocumentAdditionOrUpdate { index_uid: "doggos", primary_key: None, method: ReplaceDocuments, content_file: 00000000-0000-0000-0000-000000000000, documents_count: 1, allow_index_creation: true }}
1 {uid: 1, batch_uid: 1, status: failed, error: ResponseError { code: 200, message: "Document doesn't have a `bork` attribute: `{\"paw\":1,\"doggo\":\"jean bob\"}`.", error_code: "missing_document_id", error_type: "invalid_request", error_link: "https://docs.meilisearch.com/errors#missing_document_id" }, details: { received_documents: 1, indexed_documents: Some(0) }, kind: DocumentAdditionOrUpdate { index_uid: "doggos", primary_key: Some("bork"), method: ReplaceDocuments, content_file: 00000000-0000-0000-0000-000000000001, documents_count: 1, allow_index_creation: true }}
2 {uid: 2, status: enqueued, details: { received_documents: 1, indexed_documents: None }, kind: DocumentAdditionOrUpdate { index_uid: "doggos", primary_key: Some("paw"), method: ReplaceDocuments, content_file: 00000000-0000-0000-0000-000000000002, documents_count: 1, allow_index_creation: true }}
3 {uid: 3, status: enqueued, details: { received_documents: 1, indexed_documents: None }, kind: DocumentAdditionOrUpdate { index_uid: "doggos", primary_key: None, method: ReplaceDocuments, content_file: 00000000-0000-0000-0000-000000000003, documents_count: 1, allow_index_creation: true }}
4 {uid: 4, status: enqueued, details: { received_documents: 1, indexed_documents: None }, kind: DocumentAdditionOrUpdate { index_uid: "doggos", primary_key: None, method: ReplaceDocuments, content_file: 00000000-0000-0000-0000-000000000004, documents_count: 1, allow_index_creation: true }}
5 {uid: 5, status: enqueued, details: { received_documents: 1, indexed_documents: None }, kind: DocumentAdditionOrUpdate { index_uid: "doggos", primary_key: Some("paw"), method: ReplaceDocuments, content_file: 00000000-0000-0000-0000-000000000005, documents_count: 1, allow_index_creation: true }}
----------------------------------------------------------------------
### Status:
enqueued [2,3,4,5,]
failed [0,1,]
----------------------------------------------------------------------
### Kind:
"documentAdditionOrUpdate" [0,1,2,3,4,5,]
----------------------------------------------------------------------
### Index Tasks:
doggos [0,1,2,3,4,5,]
----------------------------------------------------------------------
### Index Mapper:
doggos: { number_of_documents: 0, field_distribution: {} }

----------------------------------------------------------------------
### Canceled By:

----------------------------------------------------------------------
### Enqueued At:
[timestamp] [0,]
[timestamp] [1,]
[timestamp] [2,]
[timestamp] [3,]
[timestamp] [4,]
[timestamp] [5,]
----------------------------------------------------------------------
### Started At:
[timestamp] [0,]
[timestamp] [1,]
----------------------------------------------------------------------
### Finished At:
[timestamp] [0,]
[timestamp] [1,]
----------------------------------------------------------------------
### All Batches:
0 {uid: 0, details: {"receivedDocuments":1,"indexedDocuments":0}, stats: {"totalNbTasks":1,"status":{"failed":1},"types":{"documentAdditionOrUpdate":1},"indexUids":{"doggos":1}}, }
1 {uid: 1, details: {"receivedDocuments":1,"indexedDocuments":0}, stats: {"totalNbTasks":1,"status":{"failed":1},"types":{"documentAdditionOrUpdate":1},"indexUids":{"doggos":1}}, }
----------------------------------------------------------------------
### Batch to tasks mapping:
0 [0,]
1 [1,]
----------------------------------------------------------------------
### Batches Status:
failed [0,1,]
----------------------------------------------------------------------
### Batches Kind:
"documentAdditionOrUpdate" [0,1,]
----------------------------------------------------------------------
### Batches Index Tasks:
doggos [0,1,]
----------------------------------------------------------------------
### Batches Enqueued At:
[timestamp] [0,]
[timestamp] [1,]
----------------------------------------------------------------------
### Batches Started At:
[timestamp] [0,]
[timestamp] [1,]
----------------------------------------------------------------------
### Batches Finished At:
[timestamp] [0,]
[timestamp] [1,]
----------------------------------------------------------------------
### File Store:
00000000-0000-0000-0000-000000000002
00000000-0000-0000-0000-000000000003
00000000-0000-0000-0000-000000000004
00000000-0000-0000-0000-000000000005

----------------------------------------------------------------------
